[mem 0xa0100000-0xf7ffffff] available for PCI devices
[drm] amdgpu kernel modesetting enabled.
[drm] initializing kernel modesetting (VANGOGH 0x1002:0x163F 0x1002:0x0123 0xAE).
[drm] register mmio base: 0x80300000
[drm] register mmio size: 524288
[drm] PCIE atomic ops is not supported
[drm] add ip block number 0 <nv_common>
[drm] add ip block number 1 <gmc_v10_0>
[drm] add ip block number 2 <navi10_ih>
[drm] add ip block number 3 <psp>
[drm] add ip block number 4 <smu>
[drm] add ip block number 5 <dm>
[drm] add ip block number 6 <gfx_v10_0>
[drm] add ip block number 7 <sdma_v5_2>
[drm] add ip block number 8 <vcn_v3_0>
[drm] add ip block number 9 <jpeg_v3_0>
[drm] VCN(0) decode is enabled in VM mode
[drm] VCN(0) encode is enabled in VM mode
[drm] JPEG decode is enabled in VM mode
[drm] vm size is 262144 GB, 4 levels, block size is 9-bit, fragment size is 9-bit
[drm] Detected VRAM RAM=1024M, BAR=1024M
[drm] RAM width 256bits DDR5
[drm] amdgpu: 1024M of VRAM memory ready
[drm] amdgpu: 3072M of GTT memory ready.
[drm] GART: num cpu pages 131072, num gpu pages 131072
[drm] PCIE GART of 512M enabled (table at 0x000000F400410000).
[drm] Loading DMUB firmware via PSP: version=0x03000007
[drm] use_doorbell being set to: [true]
[drm] Found VCN firmware Version ENC: 1.16 DEC: 2 VEP: 0 Revision: 1
[drm] reserve 0xa00000 from 0xf43f400000 for PSP TMR
[drm] Display Core initialized with v3.2.149!
[drm] DMUB hardware initialized: version=0x03000007
[drm] kiq ring mec 2 pipe 1 q 0
[drm] VCN decode and encode initialized successfully(under DPG Mode).
[drm] JPEG decode initialized successfully.
[drm] fb mappable at 0x4406D8000
[drm] vram apper at 0x440000000
[drm] size 4259840
[drm] fb depth is 24
[drm]    pitch is 3328
[drm] Failed to add display topology, DTM TA is not initialized.
[drm] Initialized amdgpu 3.42.0 20150101 for 0000:04:00.0 on minor 0
[drm] DP Alt mode state on HPD: 1
[drm] Failed to add display topology, DTM TA is not initialized.
[drm] Failed to add display topology, DTM TA is not initialized.
[mem 0xa0100000-0xf7ffffff] available for PCI devices
[drm] amdgpu kernel modesetting enabled.
[drm] initializing kernel modesetting (VANGOGH 0x1002:0x163F 0x1002:0x0123 0xAE).
[drm] register mmio base: 0x80300000
[drm] register mmio size: 524288
[drm] PCIE atomic ops is not supported
[drm] add ip block number 0 <nv_common>
[drm] add ip block number 1 <gmc_v10_0>
[drm] add ip block number 2 <navi10_ih>
[drm] add ip block number 3 <psp>
[drm] add ip block number 4 <smu>
[drm] add ip block number 5 <dm>
[drm] add ip block number 6 <gfx_v10_0>
[drm] add ip block number 7 <sdma_v5_2>
[drm] add ip block number 8 <vcn_v3_0>
[drm] add ip block number 9 <jpeg_v3_0>
[drm] VCN(0) decode is enabled in VM mode
[drm] VCN(0) encode is enabled in VM mode
[drm] JPEG decode is enabled in VM mode
[drm] vm size is 262144 GB, 4 levels, block size is 9-bit, fragment size is 9-bit
[drm] Detected VRAM RAM=1024M, BAR=1024M
[drm] RAM width 256bits DDR5
[drm] amdgpu: 1024M of VRAM memory ready
[drm] amdgpu: 3072M of GTT memory ready.
[drm] GART: num cpu pages 131072, num gpu pages 131072
[drm] PCIE GART of 512M enabled (table at 0x000000F401FA4000).
[drm] Loading DMUB firmware via PSP: version=0x03000007
[drm] use_doorbell being set to: [true]
[drm] Found VCN firmware Version ENC: 1.16 DEC: 2 VEP: 0 Revision: 1
[drm] reserve 0xa00000 from 0xf43f400000 for PSP TMR
[drm] Display Core initialized with v3.2.149!
[drm] DMUB hardware initialized: version=0x03000007
[drm] DP Alt mode state on HPD: 1
[drm] kiq ring mec 2 pipe 1 q 0
[drm] VCN decode and encode initialized successfully(under DPG Mode).
[drm] JPEG decode initialized successfully.
[drm] fb mappable at 0x44226C000
[drm] vram apper at 0x440000000
[drm] size 33177600
[drm] fb depth is 24
[drm]    pitch is 15360
[drm] Failed to add display topology, DTM TA is not initialized.
[drm] Failed to add display topology, DTM TA is not initialized.
[drm] Initialized amdgpu 3.42.0 20150101 for 0000:04:00.0 on minor 0
[mem 0xa0100000-0xf7ffffff] available for PCI devices
[drm] amdgpu kernel modesetting enabled.
[drm] initializing kernel modesetting (VANGOGH 0x1002:0x163F 0x1002:0x0123 0xAE).
[drm] register mmio base: 0x80300000
[drm] register mmio size: 524288
[drm] PCIE atomic ops is not supported
[drm] add ip block number 0 <nv_common>
[drm] add ip block number 1 <gmc_v10_0>
[drm] add ip block number 2 <navi10_ih>
[drm] add ip block number 3 <psp>
[drm] add ip block number 4 <smu>
[drm] add ip block number 5 <dm>
[drm] add ip block number 6 <gfx_v10_0>
[drm] add ip block number 7 <sdma_v5_2>
[drm] add ip block number 8 <vcn_v3_0>
[drm] add ip block number 9 <jpeg_v3_0>
[drm] VCN(0) decode is enabled in VM mode
[drm] VCN(0) encode is enabled in VM mode
[drm] JPEG decode is enabled in VM mode
[drm] vm size is 262144 GB, 4 levels, block size is 9-bit, fragment size is 9-bit
[drm] Detected VRAM RAM=1024M, BAR=1024M
[drm] RAM width 256bits DDR5
[drm] amdgpu: 1024M of VRAM memory ready
[drm] amdgpu: 3072M of GTT memory ready.
[drm] GART: num cpu pages 131072, num gpu pages 131072
[drm] PCIE GART of 512M enabled (table at 0x000000F401FA4000).
[drm] Loading DMUB firmware via PSP: version=0x03000007
[drm] use_doorbell being set to: [true]
[drm] Found VCN firmware Version ENC: 1.16 DEC: 2 VEP: 0 Revision: 1
[drm] reserve 0xa00000 from 0xf43f400000 for PSP TMR
[drm] Display Core initialized with v3.2.149!
[drm] DMUB hardware initialized: version=0x03000007
[drm] DP Alt mode state on HPD: 1
[drm] kiq ring mec 2 pipe 1 q 0
[drm] VCN decode and encode initialized successfully(under DPG Mode).
[drm] JPEG decode initialized successfully.
[drm] fb mappable at 0x44226C000
[drm] vram apper at 0x440000000
[drm] size 33177600
[drm] fb depth is 24
[drm]    pitch is 15360
[drm] Failed to add display topology, DTM TA is not initialized.
[drm] Failed to add display topology, DTM TA is not initialized.
[drm] Initialized amdgpu 3.42.0 20150101 for 0000:04:00.0 on minor 0
[drm] Failed to add display topology, DTM TA is not initialized.
[mem 0xa0100000-0xf7ffffff] available for PCI devices
[drm] amdgpu kernel modesetting enabled.
[drm] initializing kernel modesetting (VANGOGH 0x1002:0x163F 0x1002:0x0123 0xAE).
[drm] register mmio base: 0x80300000
[drm] register mmio size: 524288
[drm] PCIE atomic ops is not supported
[drm] add ip block number 0 <nv_common>
[drm] add ip block number 1 <gmc_v10_0>
[drm] add ip block number 2 <navi10_ih>
[drm] add ip block number 3 <psp>
[drm] add ip block number 4 <smu>
[drm] add ip block number 5 <dm>
[drm] add ip block number 6 <gfx_v10_0>
[drm] add ip block number 7 <sdma_v5_2>
[drm] add ip block number 8 <vcn_v3_0>
[drm] add ip block number 9 <jpeg_v3_0>
[drm] VCN(0) decode is enabled in VM mode
[drm] VCN(0) encode is enabled in VM mode
[drm] JPEG decode is enabled in VM mode
[drm] vm size is 262144 GB, 4 levels, block size is 9-bit, fragment size is 9-bit
[drm] Detected VRAM RAM=1024M, BAR=1024M
[drm] RAM width 256bits DDR5
[drm] amdgpu: 1024M of VRAM memory ready
[drm] amdgpu: 3072M of GTT memory ready.
[drm] GART: num cpu pages 131072, num gpu pages 131072
[drm] PCIE GART of 512M enabled (table at 0x000000F400410000).
[drm] Loading DMUB firmware via PSP: version=0x03000007
[drm] use_doorbell being set to: [true]
[drm] Found VCN firmware Version ENC: 1.16 DEC: 2 VEP: 0 Revision: 1
[drm] reserve 0xa00000 from 0xf43f400000 for PSP TMR
[drm] Display Core initialized with v3.2.149!
[drm] DMUB hardware initialized: version=0x03000007
[drm] kiq ring mec 2 pipe 1 q 0
[drm] VCN decode and encode initialized successfully(under DPG Mode).
[drm] JPEG decode initialized successfully.
[drm] fb mappable at 0x4406D8000
[drm] vram apper at 0x440000000
[drm] size 4259840
[drm] fb depth is 24
[drm]    pitch is 3328
[drm] Failed to add display topology, DTM TA is not initialized.
[drm] Initialized amdgpu 3.42.0 20150101 for 0000:04:00.0 on minor 0
[drm] Failed to add display topology, DTM TA is not initialized.
[drm] DP Alt mode state on HPD: 1
[drm] Failed to add display topology, DTM TA is not initialized.
[drm] Failed to add display topology, DTM TA is not initialized.
[mem 0xa0100000-0xf7ffffff] available for PCI devices
[drm] amdgpu kernel modesetting enabled.
[drm] initializing kernel modesetting (VANGOGH 0x1002:0x163F 0x1002:0x0123 0xAE).
[drm] register mmio base: 0x80300000
[drm] register mmio size: 524288
[drm] PCIE atomic ops is not supported
[drm] add ip block number 0 <nv_common>
[drm] add ip block number 1 <gmc_v10_0>
[drm] add ip block number 2 <navi10_ih>
[drm] add ip block number 3 <psp>
[drm] add ip block number 4 <smu>
[drm] add ip block number 5 <dm>
[drm] add ip block number 6 <gfx_v10_0>
[drm] add ip block number 7 <sdma_v5_2>
[drm] add ip block number 8 <vcn_v3_0>
[drm] add ip block number 9 <jpeg_v3_0>
[drm] VCN(0) decode is enabled in VM mode
[drm] VCN(0) encode is enabled in VM mode
[drm] JPEG decode is enabled in VM mode
[drm] vm size is 262144 GB, 4 levels, block size is 9-bit, fragment size is 9-bit
[drm] Detected VRAM RAM=1024M, BAR=1024M
[drm] RAM width 256bits DDR5
[drm] amdgpu: 1024M of VRAM memory ready
[drm] amdgpu: 3072M of GTT memory ready.
[drm] GART: num cpu pages 131072, num gpu pages 131072
[drm] PCIE GART of 512M enabled (table at 0x000000F400410000).
[drm] Loading DMUB firmware via PSP: version=0x03000007
[drm] use_doorbell being set to: [true]
[drm] Found VCN firmware Version ENC: 1.16 DEC: 2 VEP: 0 Revision: 1
[drm] reserve 0xa00000 from 0xf43f400000 for PSP TMR
[drm] Display Core initialized with v3.2.149!
[drm] DMUB hardware initialized: version=0x03000007
[drm] kiq ring mec 2 pipe 1 q 0
[drm] VCN decode and encode initialized successfully(under DPG Mode).
[drm] JPEG decode initialized successfully.
[drm] fb mappable at 0x4406D8000
[drm] vram apper at 0x440000000
[drm] size 4259840
[drm] fb depth is 24
[drm]    pitch is 3328
[drm] Failed to add display topology, DTM TA is not initialized.
[drm] Initialized amdgpu 3.42.0 20150101 for 0000:04:00.0 on minor 0
[drm] Failed to add display topology, DTM TA is not initialized.
[drm] DP Alt mode state on HPD: 1
[mem 0xa0100000-0xf7ffffff] available for PCI devices
[drm] amdgpu kernel modesetting enabled.
[drm] initializing kernel modesetting (VANGOGH 0x1002:0x163F 0x1002:0x0123 0xAE).
[drm] register mmio base: 0x80300000
[drm] register mmio size: 524288
[drm] PCIE atomic ops is not supported
[drm] add ip block number 0 <nv_common>
[drm] add ip block number 1 <gmc_v10_0>
[drm] add ip block number 2 <navi10_ih>
[drm] add ip block number 3 <psp>
[drm] add ip block number 4 <smu>
[drm] add ip block number 5 <dm>
[drm] add ip block number 6 <gfx_v10_0>
[drm] add ip block number 7 <sdma_v5_2>
[drm] add ip block number 8 <vcn_v3_0>
[drm] add ip block number 9 <jpeg_v3_0>
[drm] VCN(0) decode is enabled in VM mode
[drm] VCN(0) encode is enabled in VM mode
[drm] JPEG decode is enabled in VM mode
[drm] vm size is 262144 GB, 4 levels, block size is 9-bit, fragment size is 9-bit
[drm] Detected VRAM RAM=1024M, BAR=1024M
[drm] RAM width 256bits DDR5
[drm] amdgpu: 1024M of VRAM memory ready
[drm] amdgpu: 3072M of GTT memory ready.
[drm] GART: num cpu pages 131072, num gpu pages 131072
[drm] PCIE GART of 512M enabled (table at 0x000000F4007E9000).
[drm] Loading DMUB firmware via PSP: version=0x03000007
[drm] use_doorbell being set to: [true]
[drm] Found VCN firmware Version ENC: 1.16 DEC: 2 VEP: 0 Revision: 1
[drm] reserve 0xa00000 from 0xf43f400000 for PSP TMR
[drm] Display Core initialized with v3.2.149!
[drm] DMUB hardware initialized: version=0x03000007
[drm] DP Alt mode state on HPD: 1
[drm] kiq ring mec 2 pipe 1 q 0
[drm] VCN decode and encode initialized successfully(under DPG Mode).
[drm] JPEG decode initialized successfully.
[drm] fb mappable at 0x440AB1000
[drm] vram apper at 0x440000000
[drm] size 9830400
[drm] fb depth is 24
[drm]    pitch is 7680
[drm] Failed to add display topology, DTM TA is not initialized.
[drm] Initialized amdgpu 3.42.0 20150101 for 0000:04:00.0 on minor 0
[mem 0xa0100000-0xf7ffffff] available for PCI devices
[drm] amdgpu kernel modesetting enabled.
[drm] initializing kernel modesetting (VANGOGH 0x1002:0x163F 0x1002:0x0123 0xAE).
[drm] register mmio base: 0x80300000
[drm] register mmio size: 524288
[drm] PCIE atomic ops is not supported
[drm] add ip block number 0 <nv_common>
[drm] add ip block number 1 <gmc_v10_0>
[drm] add ip block number 2 <navi10_ih>
[drm] add ip block number 3 <psp>
[drm] add ip block number 4 <smu>
[drm] add ip block number 5 <dm>
[drm] add ip block number 6 <gfx_v10_0>
[drm] add ip block number 7 <sdma_v5_2>
[drm] add ip block number 8 <vcn_v3_0>
[drm] add ip block number 9 <jpeg_v3_0>
[drm] VCN(0) decode is enabled in VM mode
[drm] VCN(0) encode is enabled in VM mode
[drm] JPEG decode is enabled in VM mode
[drm] vm size is 262144 GB, 4 levels, block size is 9-bit, fragment size is 9-bit
[drm] Detected VRAM RAM=1024M, BAR=1024M
[drm] RAM width 256bits DDR5
[drm] amdgpu: 1024M of VRAM memory ready
[drm] amdgpu: 3072M of GTT memory ready.
[drm] GART: num cpu pages 131072, num gpu pages 131072
[drm] PCIE GART of 512M enabled (table at 0x000000F400410000).
[drm] Loading DMUB firmware via PSP: version=0x03000007
[drm] use_doorbell being set to: [true]
[drm] Found VCN firmware Version ENC: 1.16 DEC: 2 VEP: 0 Revision: 1
[drm] reserve 0xa00000 from 0xf43f400000 for PSP TMR
[drm] Display Core initialized with v3.2.149!
[drm] DMUB hardware initialized: version=0x03000007
[drm] kiq ring mec 2 pipe 1 q 0
[drm] VCN decode and encode initialized successfully(under DPG Mode).
[drm] JPEG decode initialized successfully.
[drm] fb mappable at 0x4406D8000
[drm] vram apper at 0x440000000
[drm] size 4259840
[drm] fb depth is 24
[drm]    pitch is 3328
[drm] Failed to add display topology, DTM TA is not initialized.
[drm] Initialized amdgpu 3.42.0 20150101 for 0000:04:00.0 on minor 0
[drm] Failed to add display topology, DTM TA is not initialized.
[mem 0xa0100000-0xf7ffffff] available for PCI devices
[drm] amdgpu kernel modesetting enabled.
[drm] initializing kernel modesetting (VANGOGH 0x1002:0x163F 0x1002:0x0123 0xAE).
[drm] register mmio base: 0x80300000
[drm] register mmio size: 524288
[drm] PCIE atomic ops is not supported
[drm] add ip block number 0 <nv_common>
[drm] add ip block number 1 <gmc_v10_0>
[drm] add ip block number 2 <navi10_ih>
[drm] add ip block number 3 <psp>
[drm] add ip block number 4 <smu>
[drm] add ip block number 5 <dm>
[drm] add ip block number 6 <gfx_v10_0>
[drm] add ip block number 7 <sdma_v5_2>
[drm] add ip block number 8 <vcn_v3_0>
[drm] add ip block number 9 <jpeg_v3_0>
[drm] VCN(0) decode is enabled in VM mode
[drm] VCN(0) encode is enabled in VM mode
[drm] JPEG decode is enabled in VM mode
[drm] vm size is 262144 GB, 4 levels, block size is 9-bit, fragment size is 9-bit
[drm] Detected VRAM RAM=1024M, BAR=1024M
[drm] RAM width 256bits DDR5
[drm] amdgpu: 1024M of VRAM memory ready
[drm] amdgpu: 3072M of GTT memory ready.
[drm] GART: num cpu pages 131072, num gpu pages 131072
[drm] PCIE GART of 512M enabled (table at 0x000000F400410000).
[drm] Loading DMUB firmware via PSP: version=0x03000007
[drm] use_doorbell being set to: [true]
[drm] Found VCN firmware Version ENC: 1.16 DEC: 2 VEP: 0 Revision: 1
[drm] reserve 0xa00000 from 0xf43f400000 for PSP TMR
[drm] Display Core initialized with v3.2.149!
[drm] DMUB hardware initialized: version=0x03000007
[drm] kiq ring mec 2 pipe 1 q 0
[drm] VCN decode and encode initialized successfully(under DPG Mode).
[drm] JPEG decode initialized successfully.
[drm] fb mappable at 0x4406D8000
[drm] vram apper at 0x440000000
[drm] size 4259840
[drm] fb depth is 24
[drm]    pitch is 3328
[drm] Failed to add display topology, DTM TA is not initialized.
[drm] Initialized amdgpu 3.42.0 20150101 for 0000:04:00.0 on minor 0
[drm] Failed to add display topology, DTM TA is not initialized.
[mem 0xa0100000-0xf7ffffff] available for PCI devices
[drm] amdgpu kernel modesetting enabled.
[drm] initializing kernel modesetting (VANGOGH 0x1002:0x163F 0x1002:0x0123 0xAE).
[drm] register mmio base: 0x80300000
[drm] register mmio size: 524288
[drm] add ip block number 0 <nv_common>
[drm] add ip block number 1 <gmc_v10_0>
[drm] add ip block number 2 <navi10_ih>
[drm] add ip block number 3 <psp>
[drm] add ip block number 4 <smu>
[drm] add ip block number 5 <dm>
[drm] add ip block number 6 <gfx_v10_0>
[drm] add ip block number 7 <sdma_v5_2>
[drm] add ip block number 8 <vcn_v3_0>
[drm] add ip block number 9 <jpeg_v3_0>
[drm] VCN(0) decode is enabled in VM mode
[drm] VCN(0) encode is enabled in VM mode
[drm] JPEG decode is enabled in VM mode
[drm] vm size is 262144 GB, 4 levels, block size is 9-bit, fragment size is 9-bit
[drm] Detected VRAM RAM=1024M, BAR=1024M
[drm] RAM width 256bits LPDDR5
[drm] amdgpu: 1024M of VRAM memory ready
[drm] amdgpu: 7417M of GTT memory ready.
[drm] GART: num cpu pages 262144, num gpu pages 262144
[drm] PCIE GART of 1024M enabled (table at 0x000000F43FC00000).
[drm] Loading DMUB firmware via PSP: version=0x03000007
[drm] use_doorbell being set to: [true]
[drm] Found VCN firmware Version ENC: 1.16 DEC: 2 VEP: 0 Revision: 1
[drm] reserve 0xa00000 from 0xf43e000000 for PSP TMR
[drm] Seamless boot condition check passed
[drm] Display Core initialized with v3.2.207!
[drm] DMUB hardware initialized: version=0x03000007
[drm] kiq ring mec 2 pipe 1 q 0
[drm] VCN decode and encode initialized successfully(under DPG Mode).
[drm] JPEG decode initialized successfully.
[drm] Initialized amdgpu 3.49.0 20150101 for 0000:04:00.0 on minor 0
[drm] DSC precompute is not needed.
[drm] Failed to add display topology, DTM TA is not initialized.
[mem 0xa0100000-0xf7ffffff] available for PCI devices
[drm] amdgpu kernel modesetting enabled.
[drm] initializing kernel modesetting (VANGOGH 0x1002:0x163F 0x1002:0x0123 0xAE).
[drm] register mmio base: 0x80300000
[drm] register mmio size: 524288
[drm] add ip block number 0 <nv_common>
[drm] add ip block number 1 <gmc_v10_0>
[drm] add ip block number 2 <navi10_ih>
[drm] add ip block number 3 <psp>
[drm] add ip block number 4 <smu>
[drm] add ip block number 5 <dm>
[drm] add ip block number 6 <gfx_v10_0>
[drm] add ip block number 7 <sdma_v5_2>
[drm] add ip block number 8 <vcn_v3_0>
[drm] add ip block number 9 <jpeg_v3_0>
[drm] VCN(0) decode is enabled in VM mode
[drm] VCN(0) encode is enabled in VM mode
[drm] JPEG decode is enabled in VM mode
[drm] vm size is 262144 GB, 4 levels, block size is 9-bit, fragment size is 9-bit
[drm] Detected VRAM RAM=1024M, BAR=1024M
[drm] RAM width 256bits LPDDR5
[drm] amdgpu: 1024M of VRAM memory ready
[drm] amdgpu: 7417M of GTT memory ready.
[drm] GART: num cpu pages 262144, num gpu pages 262144
[drm] PCIE GART of 1024M enabled (table at 0x000000F43FC00000).
[drm] Loading DMUB firmware via PSP: version=0x03000007
[drm] use_doorbell being set to: [true]
[drm] Found VCN firmware Version ENC: 1.16 DEC: 2 VEP: 0 Revision: 1
[drm] reserve 0xa00000 from 0xf43e000000 for PSP TMR
[drm] Seamless boot condition check passed
[drm] Display Core initialized with v3.2.207!
[drm] DMUB hardware initialized: version=0x03000007
[drm] kiq ring mec 2 pipe 1 q 0
[drm] VCN decode and encode initialized successfully(under DPG Mode).
[drm] JPEG decode initialized successfully.
[drm] Initialized amdgpu 3.49.0 20150101 for 0000:04:00.0 on minor 0
[drm] DSC precompute is not needed.
[drm] Failed to add display topology, DTM TA is not initialized.
[drm] Failed to add display topology, DTM TA is not initialized.
[mem 0xa0100000-0xf7ffffff] available for PCI devices
[drm] amdgpu kernel modesetting enabled.
[drm] initializing kernel modesetting (VANGOGH 0x1002:0x163F 0x1002:0x0123 0xAE).
[drm] register mmio base: 0x80300000
[drm] register mmio size: 524288
[drm] add ip block number 0 <nv_common>
[drm] add ip block number 1 <gmc_v10_0>
[drm] add ip block number 2 <navi10_ih>
[drm] add ip block number 3 <psp>
[drm] add ip block number 4 <smu>
[drm] add ip block number 5 <dm>
[drm] add ip block number 6 <gfx_v10_0>
[drm] add ip block number 7 <sdma_v5_2>
[drm] add ip block number 8 <vcn_v3_0>
[drm] add ip block number 9 <jpeg_v3_0>
[drm] VCN(0) decode is enabled in VM mode
[drm] VCN(0) encode is enabled in VM mode
[drm] JPEG decode is enabled in VM mode
[drm] vm size is 262144 GB, 4 levels, block size is 9-bit, fragment size is 9-bit
[drm] Detected VRAM RAM=1024M, BAR=1024M
[drm] RAM width 256bits LPDDR5
[drm] amdgpu: 1024M of VRAM memory ready
[drm] amdgpu: 7417M of GTT memory ready.
[drm] GART: num cpu pages 262144, num gpu pages 262144
[drm] PCIE GART of 1024M enabled (table at 0x000000F43FC00000).
[drm] Loading DMUB firmware via PSP: version=0x03000007
[drm] use_doorbell being set to: [true]
[drm] Found VCN firmware Version ENC: 1.16 DEC: 2 VEP: 0 Revision: 1
[drm] reserve 0xa00000 from 0xf43e000000 for PSP TMR
[drm] Seamless boot condition check passed
[drm] Display Core initialized with v3.2.207!
[drm] DMUB hardware initialized: version=0x03000007
[drm] kiq ring mec 2 pipe 1 q 0
[drm] VCN decode and encode initialized successfully(under DPG Mode).
[drm] JPEG decode initialized successfully.
[drm] Initialized amdgpu 3.49.0 20150101 for 0000:04:00.0 on minor 0
[drm] DSC precompute is not needed.
[drm] Failed to add display topology, DTM TA is not initialized.
[drm] Failed to add display topology, DTM TA is not initialized.
[mem 0xa0100000-0xf7ffffff] available for PCI devices
[drm] amdgpu kernel modesetting enabled.
[drm] initializing kernel modesetting (VANGOGH 0x1002:0x163F 0x1002:0x0123 0xAE).
[drm] register mmio base: 0x80300000
[drm] register mmio size: 524288
[drm] add ip block number 0 <nv_common>
[drm] add ip block number 1 <gmc_v10_0>
[drm] add ip block number 2 <navi10_ih>
[drm] add ip block number 3 <psp>
[drm] add ip block number 4 <smu>
[drm] add ip block number 5 <dm>
[drm] add ip block number 6 <gfx_v10_0>
[drm] add ip block number 7 <sdma_v5_2>
[drm] add ip block number 8 <vcn_v3_0>
[drm] add ip block number 9 <jpeg_v3_0>
[drm] VCN(0) decode is enabled in VM mode
[drm] VCN(0) encode is enabled in VM mode
[drm] JPEG decode is enabled in VM mode
[drm] vm size is 262144 GB, 4 levels, block size is 9-bit, fragment size is 9-bit
[drm] Detected VRAM RAM=1024M, BAR=1024M
[drm] RAM width 256bits LPDDR5
[drm] amdgpu: 1024M of VRAM memory ready
[drm] amdgpu: 7417M of GTT memory ready.
[drm] GART: num cpu pages 262144, num gpu pages 262144
[drm] PCIE GART of 1024M enabled (table at 0x000000F43FC00000).
[drm] Loading DMUB firmware via PSP: version=0x03000007
[drm] use_doorbell being set to: [true]
[drm] Found VCN firmware Version ENC: 1.16 DEC: 2 VEP: 0 Revision: 1
[drm] reserve 0xa00000 from 0xf43e000000 for PSP TMR
[drm] Seamless boot condition check passed
[drm] Display Core initialized with v3.2.207!
[drm] DMUB hardware initialized: version=0x03000007
[drm] kiq ring mec 2 pipe 1 q 0
[drm] VCN decode and encode initialized successfully(under DPG Mode).
[drm] JPEG decode initialized successfully.
[drm] Initialized amdgpu 3.49.0 20150101 for 0000:04:00.0 on minor 0
[drm] DSC precompute is not needed.
[drm] Failed to add display topology, DTM TA is not initialized.
[mem 0xa0100000-0xf7ffffff] available for PCI devices
[drm] amdgpu kernel modesetting enabled.
[drm] initializing kernel modesetting (VANGOGH 0x1002:0x163F 0x1002:0x0123 0xAE).
[drm] register mmio base: 0x80300000
[drm] register mmio size: 524288
[drm] add ip block number 0 <nv_common>
[drm] add ip block number 1 <gmc_v10_0>
[drm] add ip block number 2 <navi10_ih>
[drm] add ip block number 3 <psp>
[drm] add ip block number 4 <smu>
[drm] add ip block number 5 <dm>
[drm] add ip block number 6 <gfx_v10_0>
[drm] add ip block number 7 <sdma_v5_2>
[drm] add ip block number 8 <vcn_v3_0>
[drm] add ip block number 9 <jpeg_v3_0>
[drm] VCN(0) decode is enabled in VM mode
[drm] VCN(0) encode is enabled in VM mode
[drm] JPEG decode is enabled in VM mode
[drm] vm size is 262144 GB, 4 levels, block size is 9-bit, fragment size is 9-bit
[drm] Detected VRAM RAM=1024M, BAR=1024M
[drm] RAM width 256bits LPDDR5
[drm] amdgpu: 1024M of VRAM memory ready
[drm] amdgpu: 7417M of GTT memory ready.
[drm] GART: num cpu pages 262144, num gpu pages 262144
[drm] PCIE GART of 1024M enabled (table at 0x000000F43FC00000).
[drm] Loading DMUB firmware via PSP: version=0x03000007
[drm] use_doorbell being set to: [true]
[drm] Found VCN firmware Version ENC: 1.16 DEC: 2 VEP: 0 Revision: 1
[drm] reserve 0xa00000 from 0xf43e000000 for PSP TMR
[drm] Seamless boot condition check passed
[drm] Display Core initialized with v3.2.207!
[drm] DMUB hardware initialized: version=0x03000007
[drm] kiq ring mec 2 pipe 1 q 0
[drm] VCN decode and encode initialized successfully(under DPG Mode).
[drm] JPEG decode initialized successfully.
[drm] Initialized amdgpu 3.49.0 20150101 for 0000:04:00.0 on minor 0
[drm] DSC precompute is not needed.
[drm] Failed to add display topology, DTM TA is not initialized.
[drm] Failed to add display topology, DTM TA is not initialized.
[mem 0xa0100000-0xf7ffffff] available for PCI devices
[drm] amdgpu kernel modesetting enabled.
[drm] initializing kernel modesetting (VANGOGH 0x1002:0x163F 0x1002:0x0123 0xAE).
[drm] register mmio base: 0x80300000
[drm] register mmio size: 524288
[drm] add ip block number 0 <nv_common>
[drm] add ip block number 1 <gmc_v10_0>
[drm] add ip block number 2 <navi10_ih>
[drm] add ip block number 3 <psp>
[drm] add ip block number 4 <smu>
[drm] add ip block number 5 <dm>
[drm] add ip block number 6 <gfx_v10_0>
[drm] add ip block number 7 <sdma_v5_2>
[drm] add ip block number 8 <vcn_v3_0>
[drm] add ip block number 9 <jpeg_v3_0>
[drm] VCN(0) decode is enabled in VM mode
[drm] VCN(0) encode is enabled in VM mode
[drm] JPEG decode is enabled in VM mode
[drm] vm size is 262144 GB, 4 levels, block size is 9-bit, fragment size is 9-bit
[drm] Detected VRAM RAM=1024M, BAR=1024M
[drm] RAM width 256bits LPDDR5
[drm] amdgpu: 1024M of VRAM memory ready
[drm] amdgpu: 7417M of GTT memory ready.
[drm] GART: num cpu pages 262144, num gpu pages 262144
[drm] PCIE GART of 1024M enabled (table at 0x000000F43FC00000).
[drm] Loading DMUB firmware via PSP: version=0x03000007
[drm] use_doorbell being set to: [true]
[drm] Found VCN firmware Version ENC: 1.16 DEC: 2 VEP: 0 Revision: 1
[drm] reserve 0xa00000 from 0xf43e000000 for PSP TMR
[drm] Seamless boot condition check passed
[drm] Display Core initialized with v3.2.207!
[drm] DMUB hardware initialized: version=0x03000007
[drm] kiq ring mec 2 pipe 1 q 0
[drm] VCN decode and encode initialized successfully(under DPG Mode).
[drm] JPEG decode initialized successfully.
[drm] Initialized amdgpu 3.49.0 20150101 for 0000:04:00.0 on minor 0
[drm] DSC precompute is not needed.
[drm] Failed to add display topology, DTM TA is not initialized.
[mem 0xa0100000-0xf7ffffff] available for PCI devices
[drm] amdgpu kernel modesetting enabled.
[drm] initializing kernel modesetting (VANGOGH 0x1002:0x163F 0x1002:0x0123 0xAE).
[drm] register mmio base: 0x80300000
[drm] register mmio size: 524288
[drm] add ip block number 0 <nv_common>
[drm] add ip block number 1 <gmc_v10_0>
[drm] add ip block number 2 <navi10_ih>
[drm] add ip block number 3 <psp>
[drm] add ip block number 4 <smu>
[drm] add ip block number 5 <dm>
[drm] add ip block number 6 <gfx_v10_0>
[drm] add ip block number 7 <sdma_v5_2>
[drm] add ip block number 8 <vcn_v3_0>
[drm] add ip block number 9 <jpeg_v3_0>
[drm] VCN(0) decode is enabled in VM mode
[drm] VCN(0) encode is enabled in VM mode
[drm] JPEG decode is enabled in VM mode
[drm] vm size is 262144 GB, 4 levels, block size is 9-bit, fragment size is 9-bit
[drm] Detected VRAM RAM=1024M, BAR=1024M
[drm] RAM width 256bits LPDDR5
[drm] amdgpu: 1024M of VRAM memory ready
[drm] amdgpu: 7417M of GTT memory ready.
[drm] GART: num cpu pages 262144, num gpu pages 262144
[drm] PCIE GART of 1024M enabled (table at 0x000000F43FC00000).
[drm] Loading DMUB firmware via PSP: version=0x03000007
[drm] use_doorbell being set to: [true]
[drm] Found VCN firmware Version ENC: 1.16 DEC: 2 VEP: 0 Revision: 1
[drm] reserve 0xa00000 from 0xf43e000000 for PSP TMR
[drm] Seamless boot condition check passed
[drm] Display Core initialized with v3.2.207!
[drm] DMUB hardware initialized: version=0x03000007
[drm] kiq ring mec 2 pipe 1 q 0
[drm] VCN decode and encode initialized successfully(under DPG Mode).
[drm] JPEG decode initialized successfully.
[drm] Initialized amdgpu 3.49.0 20150101 for 0000:04:00.0 on minor 0
[drm] DSC precompute is not needed.
[drm] Failed to add display topology, DTM TA is not initialized.
[drm] Failed to add display topology, DTM TA is not initialized.
[mem 0xa0100000-0xf7ffffff] available for PCI devices
[drm] amdgpu kernel modesetting enabled.
[drm] initializing kernel modesetting (VANGOGH 0x1002:0x163F 0x1002:0x0123 0xAE).
[drm] register mmio base: 0x80300000
[drm] register mmio size: 524288
[drm] add ip block number 0 <nv_common>
[drm] add ip block number 1 <gmc_v10_0>
[drm] add ip block number 2 <navi10_ih>
[drm] add ip block number 3 <psp>
[drm] add ip block number 4 <smu>
[drm] add ip block number 5 <dm>
[drm] add ip block number 6 <gfx_v10_0>
[drm] add ip block number 7 <sdma_v5_2>
[drm] add ip block number 8 <vcn_v3_0>
[drm] add ip block number 9 <jpeg_v3_0>
[drm] VCN(0) decode is enabled in VM mode
[drm] VCN(0) encode is enabled in VM mode
[drm] JPEG decode is enabled in VM mode
[drm] vm size is 262144 GB, 4 levels, block size is 9-bit, fragment size is 9-bit
[drm] Detected VRAM RAM=1024M, BAR=1024M
[drm] RAM width 256bits LPDDR5
[drm] amdgpu: 1024M of VRAM memory ready
[drm] amdgpu: 7417M of GTT memory ready.
[drm] GART: num cpu pages 262144, num gpu pages 262144
[drm] PCIE GART of 1024M enabled (table at 0x000000F43FC00000).
[drm] Loading DMUB firmware via PSP: version=0x03000007
[drm] use_doorbell being set to: [true]
[drm] Found VCN firmware Version ENC: 1.16 DEC: 2 VEP: 0 Revision: 1
[drm] reserve 0xa00000 from 0xf43e000000 for PSP TMR
[drm] Seamless boot condition check passed
[drm] Display Core initialized with v3.2.207!
[drm] DMUB hardware initialized: version=0x03000007
[drm] kiq ring mec 2 pipe 1 q 0
[drm] VCN decode and encode initialized successfully(under DPG Mode).
[drm] JPEG decode initialized successfully.
[drm] Initialized amdgpu 3.49.0 20150101 for 0000:04:00.0 on minor 0
[drm] DSC precompute is not needed.
[drm] Failed to add display topology, DTM TA is not initialized.
