[mem 0xc0000000-0xefffffff] available for PCI devices
[drm] Initialized simpledrm 1.0.0 20200625 for simple-framebuffer.0 on minor 0
[drm] amdgpu kernel modesetting enabled.
[drm] initializing kernel modesetting (BEIGE_GOBY 0x1002:0x743F 0x103C:0x8A52 0xC7).
[drm] register mmio base: 0xFCB00000
[drm] register mmio size: 1048576
[drm] add ip block number 0 <nv_common>
[drm] add ip block number 1 <gmc_v10_0>
[drm] add ip block number 2 <navi10_ih>
[drm] add ip block number 3 <psp>
[drm] add ip block number 4 <smu>
[drm] add ip block number 5 <dm>
[drm] add ip block number 6 <gfx_v10_0>
[drm] add ip block number 7 <sdma_v5_2>
[drm] add ip block number 8 <vcn_v3_0>
[drm] VCN(0) decode is enabled in VM mode
[drm] vm size is 262144 GB, 4 levels, block size is 9-bit, fragment size is 9-bit
[drm] Detected VRAM RAM=4080M, BAR=4096M
[drm] RAM width 64bits GDDR6
[drm] amdgpu: 4080M of VRAM memory ready
[drm] amdgpu: 4080M of GTT memory ready.
[drm] GART: num cpu pages 131072, num gpu pages 131072
[drm] PCIE GART of 512M enabled (table at 0x0000008000300000).
[drm] Loading DMUB firmware via PSP: version=0x0202000F
[drm] use_doorbell being set to: [true]
[drm] Found VCN firmware Version ENC: 1.20 DEC: 2 VEP: 0 Revision: 5
[drm] reserve 0xa00000 from 0x80fe000000 for PSP TMR
[drm] Display Core initialized with v3.2.177!
[drm] DMUB hardware initialized: version=0x0202000F
[drm] REG_WAIT timeout 1us * 100000 tries - mpc2_assert_idle_mpcc line:478
[drm:amdgpu_dm_init.isra.0.cold [amdgpu]] *ERROR* Failed to register vline0 irq 30!
[drm] kiq ring mec 2 pipe 1 q 0
[drm] VCN decode and encode initialized successfully(under DPG Mode).
[drm] Initialized amdgpu 3.46.0 20150101 for 0000:03:00.0 on minor 0
[drm] initializing kernel modesetting (RENOIR 0x1002:0x1638 0x103C:0x89D8 0xC9).
[drm] register mmio base: 0xFC700000
[drm] register mmio size: 524288
[drm] add ip block number 0 <soc15_common>
[drm] add ip block number 1 <gmc_v9_0>
[drm] add ip block number 2 <vega10_ih>
[drm] add ip block number 3 <psp>
[drm] add ip block number 4 <smu>
[drm] add ip block number 5 <dm>
[drm] add ip block number 6 <gfx_v9_0>
[drm] add ip block number 7 <sdma_v4_0>
[drm] add ip block number 8 <vcn_v2_0>
[drm] add ip block number 9 <jpeg_v2_0>
[drm] VCN decode is enabled in VM mode
[drm] VCN encode is enabled in VM mode
[drm] JPEG decode is enabled in VM mode
[drm] vm size is 262144 GB, 4 levels, block size is 9-bit, fragment size is 9-bit
[drm] Detected VRAM RAM=512M, BAR=512M
[drm] RAM width 128bits DDR4
[drm] amdgpu: 512M of VRAM memory ready
[drm] amdgpu: 3072M of GTT memory ready.
[drm] GART: num cpu pages 262144, num gpu pages 262144
[drm] PCIE GART of 1024M enabled.
[drm] PTB located at 0x000000F400900000
[drm] Loading DMUB firmware via PSP: version=0x01010020
[drm] Found VCN firmware Version ENC: 1.17 DEC: 5 VEP: 0 Revision: 2
[drm] reserve 0x400000 from 0xf41f800000 for PSP TMR
[drm] Display Core initialized with v3.2.177!
[drm] DMUB hardware initialized: version=0x01010020
[drm] kiq ring mec 2 pipe 1 q 0
[drm] VCN decode and encode initialized successfully(under DPG Mode).
[drm] JPEG decode initialized successfully.
[drm] Initialized amdgpu 3.46.0 20150101 for 0000:0f:00.0 on minor 1
[drm] DSC precompute is not needed.
[drm] REG_WAIT timeout 1us * 100000 tries - mpc2_assert_idle_mpcc line:478
[drm] Unknown EDID CEA parser results
[drm] Unknown EDID CEA parser results
[drm] Unknown EDID CEA parser results
[drm] Unknown EDID CEA parser results
[drm] Unknown EDID CEA parser results
[drm] Unknown EDID CEA parser results
[drm] Unknown EDID CEA parser results
[drm] Unknown EDID CEA parser results
[drm] Unknown EDID CEA parser results
[drm] Unknown EDID CEA parser results
[mem 0xc0000000-0xefffffff] available for PCI devices
[drm] Initialized simpledrm 1.0.0 20200625 for simple-framebuffer.0 on minor 0
[drm] amdgpu kernel modesetting enabled.
[drm] initializing kernel modesetting (BEIGE_GOBY 0x1002:0x743F 0x103C:0x8A52 0xC7).
[drm] register mmio base: 0xFCB00000
[drm] register mmio size: 1048576
[drm] add ip block number 0 <nv_common>
[drm] add ip block number 1 <gmc_v10_0>
[drm] add ip block number 2 <navi10_ih>
[drm] add ip block number 3 <psp>
[drm] add ip block number 4 <smu>
[drm] add ip block number 5 <dm>
[drm] add ip block number 6 <gfx_v10_0>
[drm] add ip block number 7 <sdma_v5_2>
[drm] add ip block number 8 <vcn_v3_0>
[drm] VCN(0) decode is enabled in VM mode
[drm] vm size is 262144 GB, 4 levels, block size is 9-bit, fragment size is 9-bit
[drm] Detected VRAM RAM=4080M, BAR=4096M
[drm] RAM width 64bits GDDR6
[drm] amdgpu: 4080M of VRAM memory ready
[drm] amdgpu: 4080M of GTT memory ready.
[drm] GART: num cpu pages 131072, num gpu pages 131072
[drm] PCIE GART of 512M enabled (table at 0x0000008000300000).
[drm] Loading DMUB firmware via PSP: version=0x0202000F
[drm] use_doorbell being set to: [true]
[drm] Found VCN firmware Version ENC: 1.20 DEC: 2 VEP: 0 Revision: 5
[drm] reserve 0xa00000 from 0x80fe000000 for PSP TMR
[drm] Display Core initialized with v3.2.177!
[drm] DMUB hardware initialized: version=0x0202000F
[drm] REG_WAIT timeout 1us * 100000 tries - mpc2_assert_idle_mpcc line:478
[drm:amdgpu_dm_init.isra.0.cold [amdgpu]] *ERROR* Failed to register vline0 irq 30!
[drm] kiq ring mec 2 pipe 1 q 0
[drm] VCN decode and encode initialized successfully(under DPG Mode).
[drm] Initialized amdgpu 3.46.0 20150101 for 0000:03:00.0 on minor 0
[drm] initializing kernel modesetting (RENOIR 0x1002:0x1638 0x103C:0x89D8 0xC9).
[drm] register mmio base: 0xFC700000
[drm] register mmio size: 524288
[drm] add ip block number 0 <soc15_common>
[drm] add ip block number 1 <gmc_v9_0>
[drm] add ip block number 2 <vega10_ih>
[drm] add ip block number 3 <psp>
[drm] add ip block number 4 <smu>
[drm] add ip block number 5 <dm>
[drm] add ip block number 6 <gfx_v9_0>
[drm] add ip block number 7 <sdma_v4_0>
[drm] add ip block number 8 <vcn_v2_0>
[drm] add ip block number 9 <jpeg_v2_0>
[drm] VCN decode is enabled in VM mode
[drm] VCN encode is enabled in VM mode
[drm] JPEG decode is enabled in VM mode
[drm] vm size is 262144 GB, 4 levels, block size is 9-bit, fragment size is 9-bit
[drm] Detected VRAM RAM=512M, BAR=512M
[drm] RAM width 128bits DDR4
[drm] amdgpu: 512M of VRAM memory ready
[drm] amdgpu: 3072M of GTT memory ready.
[drm] GART: num cpu pages 262144, num gpu pages 262144
[drm] PCIE GART of 1024M enabled.
[drm] PTB located at 0x000000F400900000
[drm] Loading DMUB firmware via PSP: version=0x01010020
[drm] Found VCN firmware Version ENC: 1.17 DEC: 5 VEP: 0 Revision: 2
[drm] reserve 0x400000 from 0xf41f800000 for PSP TMR
[drm] Display Core initialized with v3.2.177!
[drm] DMUB hardware initialized: version=0x01010020
[drm] kiq ring mec 2 pipe 1 q 0
[drm] VCN decode and encode initialized successfully(under DPG Mode).
[drm] JPEG decode initialized successfully.
[drm] Initialized amdgpu 3.46.0 20150101 for 0000:0f:00.0 on minor 1
[drm] DSC precompute is not needed.
[drm] REG_WAIT timeout 1us * 100000 tries - mpc2_assert_idle_mpcc line:478
[drm] Unknown EDID CEA parser results
[drm] Unknown EDID CEA parser results
[drm] Unknown EDID CEA parser results
[drm] Unknown EDID CEA parser results
[drm] Unknown EDID CEA parser results
[drm] Unknown EDID CEA parser results
[drm] Unknown EDID CEA parser results
[drm] Unknown EDID CEA parser results
[drm] Unknown EDID CEA parser results
[drm] Unknown EDID CEA parser results
[drm] Unknown EDID CEA parser results
[mem 0xc0000000-0xefffffff] available for PCI devices
[drm] Initialized simpledrm 1.0.0 20200625 for simple-framebuffer.0 on minor 0
[drm] amdgpu kernel modesetting enabled.
[drm] initializing kernel modesetting (BEIGE_GOBY 0x1002:0x743F 0x103C:0x8A52 0xC7).
[drm] register mmio base: 0xFCB00000
[drm] register mmio size: 1048576
[drm] add ip block number 0 <nv_common>
[drm] add ip block number 1 <gmc_v10_0>
[drm] add ip block number 2 <navi10_ih>
[drm] add ip block number 3 <psp>
[drm] add ip block number 4 <smu>
[drm] add ip block number 5 <dm>
[drm] add ip block number 6 <gfx_v10_0>
[drm] add ip block number 7 <sdma_v5_2>
[drm] add ip block number 8 <vcn_v3_0>
[drm] VCN(0) decode is enabled in VM mode
[drm] vm size is 262144 GB, 4 levels, block size is 9-bit, fragment size is 9-bit
[drm] Detected VRAM RAM=4080M, BAR=4096M
[drm] RAM width 64bits GDDR6
[drm] amdgpu: 4080M of VRAM memory ready
[drm] amdgpu: 4080M of GTT memory ready.
[drm] GART: num cpu pages 131072, num gpu pages 131072
[drm] PCIE GART of 512M enabled (table at 0x0000008000300000).
[drm] Loading DMUB firmware via PSP: version=0x0202000F
[drm] use_doorbell being set to: [true]
[drm] Found VCN firmware Version ENC: 1.20 DEC: 2 VEP: 0 Revision: 5
[drm] reserve 0xa00000 from 0x80fe000000 for PSP TMR
[drm] Display Core initialized with v3.2.177!
[drm] DMUB hardware initialized: version=0x0202000F
[drm] REG_WAIT timeout 1us * 100000 tries - mpc2_assert_idle_mpcc line:478
[drm:amdgpu_dm_init.isra.0.cold [amdgpu]] *ERROR* Failed to register vline0 irq 30!
[drm] kiq ring mec 2 pipe 1 q 0
[drm] VCN decode and encode initialized successfully(under DPG Mode).
[drm] Initialized amdgpu 3.46.0 20150101 for 0000:03:00.0 on minor 0
[drm] initializing kernel modesetting (RENOIR 0x1002:0x1638 0x103C:0x89D8 0xC9).
[drm] register mmio base: 0xFC700000
[drm] register mmio size: 524288
[drm] add ip block number 0 <soc15_common>
[drm] add ip block number 1 <gmc_v9_0>
[drm] add ip block number 2 <vega10_ih>
[drm] add ip block number 3 <psp>
[drm] add ip block number 4 <smu>
[drm] add ip block number 5 <dm>
[drm] add ip block number 6 <gfx_v9_0>
[drm] add ip block number 7 <sdma_v4_0>
[drm] add ip block number 8 <vcn_v2_0>
[drm] add ip block number 9 <jpeg_v2_0>
[drm] VCN decode is enabled in VM mode
[drm] VCN encode is enabled in VM mode
[drm] JPEG decode is enabled in VM mode
[drm] vm size is 262144 GB, 4 levels, block size is 9-bit, fragment size is 9-bit
[drm] Detected VRAM RAM=512M, BAR=512M
[drm] RAM width 128bits DDR4
[drm] amdgpu: 512M of VRAM memory ready
[drm] amdgpu: 3072M of GTT memory ready.
[drm] GART: num cpu pages 262144, num gpu pages 262144
[drm] PCIE GART of 1024M enabled.
[drm] PTB located at 0x000000F400900000
[drm] Loading DMUB firmware via PSP: version=0x01010020
[drm] Found VCN firmware Version ENC: 1.17 DEC: 5 VEP: 0 Revision: 2
[drm] reserve 0x400000 from 0xf41f800000 for PSP TMR
[drm] Display Core initialized with v3.2.177!
[drm] DMUB hardware initialized: version=0x01010020
[drm] kiq ring mec 2 pipe 1 q 0
[drm] VCN decode and encode initialized successfully(under DPG Mode).
[drm] JPEG decode initialized successfully.
[drm] Initialized amdgpu 3.46.0 20150101 for 0000:0f:00.0 on minor 1
[drm] DSC precompute is not needed.
[drm] REG_WAIT timeout 1us * 100000 tries - mpc2_assert_idle_mpcc line:478
[drm:dc_dmub_srv_wait_idle [amdgpu]] *ERROR* Error waiting for DMUB idle: status=3
[drm] Unknown EDID CEA parser results
[drm] Unknown EDID CEA parser results
[drm] Unknown EDID CEA parser results
[drm] Unknown EDID CEA parser results
[drm] Unknown EDID CEA parser results
[drm] Unknown EDID CEA parser results
[drm] Unknown EDID CEA parser results
[drm] Unknown EDID CEA parser results
[drm] Unknown EDID CEA parser results
[drm] Unknown EDID CEA parser results
[drm] Unknown EDID CEA parser results
[drm] Unknown EDID CEA parser results
